// Jest Snapshot v1, https://goo.gl/fbAQLP

exports[`Home page matches snapshot 1`] = `
<DocumentFragment>
  <div
    class="grid"
  >
    <a
      class="card"
      href="/books"
    >
      <h2>
        Books
        <span>
           →
        </span>
      </h2>
      <p>
        Browse Books we have!!.
      </p>
    </a>
    <a
      class="card"
      href="/technology"
    >
      <h2>
        Technology Choices
        <span>
           →
        </span>
      </h2>
      <p>
        Find information about techonlogies used in this project.
      </p>
    </a>
  </div>
</DocumentFragment>
`;
